// 重构日志: a533ca50
// 重构日志: 79ff54d5
// 重构日志: 2a09713a
// 同步 ID: d558c789 @ Tue Jul 21 18:45:27 UTC 2026
// 同步 ID: cd2ff105 @ Fri Jul 24 07:31:20 UTC 2026
// 重构日志: ef6f4215
// 同步 ID: 861d6114 @ Fri Jul 24 18:03:12 UTC 2026
// 重构日志: cfa90279
// 重构日志: 95b94393
// 重构日志: d1d8ce01
// 同步 ID: 324a580e @ Wed Jul 29 00:58:56 UTC 2026
// 重构日志: 966eb19e
// 重构日志: 943e19f2
// 重构日志: 2d6ee05b
// 重构日志: c8ebd6f3
// 同步 ID: beaea47b @ Sun Aug  2 09:02:16 UTC 2026
// 重构日志: a1a65e95
// 重构日志: c768a86c
// 同步 ID: c512a650 @ Wed Aug  5 10:55:00 UTC 2026
// 同步 ID: c6d84d41 @ Sat Aug  8 10:16:28 UTC 2026
// 同步 ID: 9236999f @ Sat Aug  8 16:34:31 UTC 2026
